
[1m[46m RUN [49m[22m [36mv4.0.16 [39m[90mC:/Users/cyber/OneDrive/Escritorio/sase-310_-sistema-escolar[39m

 [31mÔØ»[39m tests/DashboardPrefectura.test.tsx [2m([22m[2m2 tests[22m[2m | [22m[31m1 failed[39m[2m)[22m[33m 1164[2mms[22m[39m
     [32mÔ£ô[39m renders Header correctly[32m 73[2mms[22m[39m
[31m     [31m├ù[31m Quick Register adds incident via Store[39m[33m 1090[2mms[22m[39m

ÔÄ»ÔÄ»ÔÄ»ÔÄ»ÔÄ»ÔÄ»ÔÄ» Failed Tests 1 ÔÄ»ÔÄ»ÔÄ»ÔÄ»ÔÄ»ÔÄ»ÔÄ»

 FAIL  tests/DashboardPrefectura.test.tsx > Dashboard Prefectura Unit Tests > Quick Register adds incident via Store
AssertionError: expected "vi.fn()" to be called with arguments: [ '1', ÔÇª(2) ]

Received: 

  1st vi.fn() call:

  [
    "1",
-   StringContaining "RETARDO",
+   "Retardo",
    "Retardo (Entrada)",
  ]


Number of calls: 1


Ignored nodes: comments, script, style
<html>
  <head />
  <body>
    <div>
      <div
        class="flex-1 max-w-7xl mx-auto w-full px-4 sm:px-6 lg:px-8 py-8"
      >
        <div
          class="flex flex-col md:flex-row md:items-end justify-between gap-4 mb-8"
          id="pref-header"
        >
          <div
            class="flex items-center gap-6"
          >
            <img
              alt="Prefectura Logo"
              class="w-24 h-24 object-contain drop-shadow-[0_0_15px_rgba(59,130,246,0.5)]"
              src="/branding/prefectura.png"
            />
            <div
              class="flex flex-col gap-1"
            >
              <h1
                class="text-white text-3xl md:text-5xl font-black tracking-tight"
                style="text-shadow: 0 0 20px rgba(59,130,246,0.6);"
              >
                Prefectura
              </h1>
              <p
                class="text-blue-200 text-lg font-medium tracking-wide"
              >
                Control Disciplinario y Asistencia
              </p>
            </div>
          </div>
          <div
            class="flex items-center gap-2 bg-black/40 backdrop-blur-md px-6 py-3 rounded-2xl border border-white/10 shadow-lg"
          >
            <span
              class="material-symbols-outlined text-blue-400"
            >
              calendar_today
            </span>
            <span
              class="text-lg font-bold text-white capitalize"
            >
              martes, 6 de enero de 2026
            </span>
          </div>
        </div>
        <div
          class="grid grid-cols-1 sm:grid-cols-2 lg:grid-cols-4 gap-4 mb-8"
          id="pref-kpi-grid"
        >
          <div
            class="flex flex-col gap-2 rounded-2xl p-5 bg-black/20 backdrop-blur-xl border border-white/10 shadow-lg hover:bg-white/5 transition-all group"
          >
            <div
              class="flex items-center justify-between"
            >
              <p
                class="text-gray-400 text-sm font-bold uppercase tracking-wider"
              >
                Asistencia Total
              </p>
              <span
                class="material-symbols-outlined text-primary text-2xl"
              >
                groups
              </span>
            </div>
            <div
              class="flex items-end gap-2"
            >
              <p
                class="text-text-main dark:text-white text-3xl font-bold leading-none"
              >
                94
                %
              </p>
              <p
                class="text-success-green text-sm font-medium mb-1 flex items-center"
              >
                <span
                  class="material-symbols-outlined text-base"
                >
                  trending_up
                </span>
                 
                1.2%
              </p>
            </div>
          </div>
          <div
            class="flex flex-col gap-2 rounded-2xl p-5 bg-black/20 backdrop-blur-xl border border-white/10 shadow-lg hover:bg-white/5 transition-all group"
          >
            <div
              class="flex items-center justify-between"
            >
              <p
                class="text-gray-400 text-sm font-bold uppercase tracking-wider"
              >
                Retardos Hoy
              </p>
              <span
                class="material-symbols-outlined text-alert-yellow text-2xl"
              >
                schedule
              </span>
            </div>
            <div
              class="flex items-end gap-2"
            >
              <p
                class="text-text-main dark:text-white text-3xl font-bold leading-none"
              >
                0
              </p>
              <p
                class="text-alert-yellow text-sm font-medium mb-1 flex items-center"
              >
                <span
                  class="material-symbols-outlined text-base"
                >
                  arrow_upward
                </span>
                 
                +2
              </p>
            </div>
          </div>
          <div
            class="flex flex-col gap-2 rounded-2xl p-5 bg-black/20 backdrop-blur-xl border border-white/10 shadow-lg hover:bg-white/5 transition-all group"
          >
            <div
              class="flex items-center justify-between"
            >
              <p
                class="text-gray-400 text-sm font-bold uppercase tracking-wider"
              >
                Faltas Justificadas
              </p>
              <span
                class="material-symbols-outlined text-blue-400 text-2xl"
              >
                assignment_turned_in
              </span>
            </div>
            <div
              class="flex items-end gap-2"
            >
              <p
                class="text-text-main dark:text-white text-3xl font-bold leading-none"
              >
                0
              </p>
              <p
                class="text-success-green text-sm font-medium mb-1"
              >...
 ÔØ» tests/DashboardPrefectura.test.tsx:62:33
     60|     await waitFor(() => {
     61|       // Check if the success toast is triggered, which happens at theÔÇª
     62|       expect(mocks.addIncident).toHaveBeenCalledWith(
       |                                 ^
     63|         "1",
     64|         expect.stringContaining("RETARDO"),
 ÔØ» runWithExpensiveErrorDiagnosticsDisabled node_modules/@testing-library/dom/dist/config.js:47:12
 ÔØ» checkCallback node_modules/@testing-library/dom/dist/wait-for.js:124:77
 ÔØ» Timeout.checkRealTimersCallback node_modules/@testing-library/dom/dist/wait-for.js:118:16

ÔÄ»ÔÄ»ÔÄ»ÔÄ»ÔÄ»ÔÄ»ÔÄ»ÔÄ»ÔÄ»ÔÄ»ÔÄ»ÔÄ»ÔÄ»ÔÄ»ÔÄ»ÔÄ»ÔÄ»ÔÄ»ÔÄ»ÔÄ»ÔÄ»ÔÄ»ÔÄ»ÔÄ»[1/1]ÔÄ»


[2m Test Files [22m [1m[31m1 failed[39m[22m[90m (1)[39m
[2m      Tests [22m [1m[31m1 failed[39m[22m[2m | [22m[1m[32m1 passed[39m[22m[90m (2)[39m
[2m   Start at [22m 00:44:42
[2m   Duration [22m 4.13s[2m (transform 186ms, setup 133ms, import 488ms, tests 1.16s, environment 1.27s)[22m

