components/Layout.tsx(10,7): error TS2741: Property '[UserRole.GUEST]' is missing in type '{ directivo: string; docente: string; docente_tutor: string; prefectura: string; orientacion: string; trabajo_social: string; enfermeria: string; secretaria: string; udeii: string; }' but required in type 'Record<UserRole, string>'.
DashboardEnfermeria.tsx(2,24): error TS2307: Cannot find module '../../store' or its corresponding type declarations.
DashboardEnfermeria.tsx(3,41): error TS2307: Cannot find module '../../types' or its corresponding type declarations.
dist/branding/dashboard ejemplo/components/PrefectureDashboardView.tsx(2,98): error TS2307: Cannot find module 'recharts' or its corresponding type declarations.
dist/branding/dashboard ejemplo/components/Sidebar.tsx(2,28): error TS2307: Cannot find module '@headlessui/react' or its corresponding type declarations.
dist/branding/dashboard ejemplo/components/views/AdminDashboardView.tsx(2,119): error TS2307: Cannot find module 'recharts' or its corresponding type declarations.
dist/branding/dashboard ejemplo/components/views/LiveAssistantView.tsx(5,35): error TS2307: Cannot find module '@google/genai' or its corresponding type declarations.
dist/branding/dashboard ejemplo/components/views/TeacherDashboardView.tsx(2,75): error TS2307: Cannot find module 'recharts' or its corresponding type declarations.
dist/branding/dashboard ejemplo/components/views/TutorDashboardView.tsx(2,67): error TS2307: Cannot find module 'recharts' or its corresponding type declarations.
dist/branding/dashboard ejemplo/services/audioUtils.ts(1,35): error TS2307: Cannot find module '@google/genai' or its corresponding type declarations.
dist/branding/dashboard ejemplo/services/geminiService.ts(1,83): error TS2307: Cannot find module '@google/genai' or its corresponding type declarations.
public/branding/dashboard ejemplo/components/PrefectureDashboardView.tsx(2,98): error TS2307: Cannot find module 'recharts' or its corresponding type declarations.
public/branding/dashboard ejemplo/components/Sidebar.tsx(2,28): error TS2307: Cannot find module '@headlessui/react' or its corresponding type declarations.
public/branding/dashboard ejemplo/components/views/AdminDashboardView.tsx(2,119): error TS2307: Cannot find module 'recharts' or its corresponding type declarations.
public/branding/dashboard ejemplo/components/views/LiveAssistantView.tsx(5,35): error TS2307: Cannot find module '@google/genai' or its corresponding type declarations.
public/branding/dashboard ejemplo/components/views/TeacherDashboardView.tsx(2,75): error TS2307: Cannot find module 'recharts' or its corresponding type declarations.
public/branding/dashboard ejemplo/components/views/TutorDashboardView.tsx(2,67): error TS2307: Cannot find module 'recharts' or its corresponding type declarations.
public/branding/dashboard ejemplo/services/audioUtils.ts(1,35): error TS2307: Cannot find module '@google/genai' or its corresponding type declarations.
public/branding/dashboard ejemplo/services/geminiService.ts(1,83): error TS2307: Cannot find module '@google/genai' or its corresponding type declarations.
sase-310-manual-upload/components/AuthProvider.tsx(70,29): error TS2339: Property 'role' does not exist on type 'never'.
sase-310-manual-upload/components/Inscripciones.tsx(145,10): error TS2769: No overload matches this call.
  Overload 1 of 2, '(values: never, options?: { count?: "exact" | "planned" | "estimated"; }): PostgrestFilterBuilder<{ PostgrestVersion: "12"; }, never, never, null, "alumnos", never, "POST">', gave the following error.
    Argument of type '{ nombre: string; curp: string; grado: string; grupo: string; estado_caso: CaseState; fecha_nacimiento: string; genero: string; promedio_anterior: number; avatar_url: string; guardian_info: { ...; }; last_modified_by: string; last_modified_at: string; }[]' is not assignable to parameter of type 'never'.
  Overload 2 of 2, '(values: never[], options?: { count?: "exact" | "planned" | "estimated"; defaultToNull?: boolean; }): PostgrestFilterBuilder<{ PostgrestVersion: "12"; }, never, never, null, "alumnos", never, "POST">', gave the following error.
    Type '{ nombre: string; curp: string; grado: string; grupo: string; estado_caso: CaseState.OBSERVADO; fecha_nacimiento: string; genero: string; promedio_anterior: number; avatar_url: string; guardian_info: { ...; }; last_modified_by: string; last_modified_at: string; }' is not assignable to type 'never'.
sase-310-manual-upload/components/Inscripciones.tsx(180,46): error TS2339: Property 'id' does not exist on type 'never'.
sase-310-manual-upload/components/Inscripciones.tsx(200,69): error TS2769: No overload matches this call.
  Overload 1 of 2, '(values: never, options?: { count?: "exact" | "planned" | "estimated"; }): PostgrestFilterBuilder<{ PostgrestVersion: "12"; }, never, never, null, "salud", never, "POST">', gave the following error.
    Argument of type '{ alumno_id: any; padecimiento: string; documento_url: any; }[]' is not assignable to parameter of type 'never'.
  Overload 2 of 2, '(values: never[], options?: { count?: "exact" | "planned" | "estimated"; defaultToNull?: boolean; }): PostgrestFilterBuilder<{ PostgrestVersion: "12"; }, never, never, null, "salud", never, "POST">', gave the following error.
    Type '{ alumno_id: any; padecimiento: string; documento_url: any; }' is not assignable to type 'never'.
sase-310-manual-upload/components/Inscripciones.tsx(202,39): error TS2339: Property 'id' does not exist on type 'never'.
sase-310-manual-upload/components/Inscripciones.tsx(215,30): error TS2339: Property 'id' does not exist on type 'never'.
sase-310-manual-upload/components/Inscripciones.tsx(216,37): error TS2339: Property 'curp' does not exist on type 'never'.
sase-310-manual-upload/components/Inscripciones.tsx(217,32): error TS2339: Property 'nombre' does not exist on type 'never'.
sase-310-manual-upload/components/Inscripciones.tsx(218,33): error TS2339: Property 'grupo' does not exist on type 'never'.
sase-310-manual-upload/components/Inscripciones.tsx(219,34): error TS2339: Property 'avatar_url' does not exist on type 'never'.
sase-310-manual-upload/components/Inscripciones.tsx(220,37): error TS2339: Property 'estado_caso' does not exist on type 'never'.
sase-310-manual-upload/components/Inscripciones.tsx(223,40): error TS2339: Property 'guardian_info' does not exist on type 'never'.
sase-310-manual-upload/components/PanelSolicitudes.tsx(672,16): error TS2367: This comparison appears to be unintentional because the types '"comunicado"' and '"evento"' have no overlap.
sase-310-manual-upload/public/branding/dashboard ejemplo/components/PrefectureDashboardView.tsx(2,98): error TS2307: Cannot find module 'recharts' or its corresponding type declarations.
sase-310-manual-upload/public/branding/dashboard ejemplo/components/Sidebar.tsx(2,28): error TS2307: Cannot find module '@headlessui/react' or its corresponding type declarations.
sase-310-manual-upload/public/branding/dashboard ejemplo/components/views/AdminDashboardView.tsx(2,119): error TS2307: Cannot find module 'recharts' or its corresponding type declarations.
sase-310-manual-upload/public/branding/dashboard ejemplo/components/views/LiveAssistantView.tsx(5,35): error TS2307: Cannot find module '@google/genai' or its corresponding type declarations.
sase-310-manual-upload/public/branding/dashboard ejemplo/components/views/TeacherDashboardView.tsx(2,75): error TS2307: Cannot find module 'recharts' or its corresponding type declarations.
sase-310-manual-upload/public/branding/dashboard ejemplo/components/views/TutorDashboardView.tsx(2,67): error TS2307: Cannot find module 'recharts' or its corresponding type declarations.
sase-310-manual-upload/public/branding/dashboard ejemplo/services/audioUtils.ts(1,35): error TS2307: Cannot find module '@google/genai' or its corresponding type declarations.
sase-310-manual-upload/public/branding/dashboard ejemplo/services/geminiService.ts(1,83): error TS2307: Cannot find module '@google/genai' or its corresponding type declarations.
sase-310-manual-upload/store.tsx(277,58): error TS2769: No overload matches this call.
  Overload 1 of 2, '(values: never, options?: { count?: "exact" | "planned" | "estimated"; }): PostgrestFilterBuilder<{ PostgrestVersion: "12"; }, never, never, null, "audit_log", never, "POST">', gave the following error.
    Argument of type '{ user_id: string; user_email: string; user_role: UserRole; action_type: AuditActionType; action_description: string; target_table: string; target_record_id: string; target_student_name: string; old_values: string; new_values: string; }[]' is not assignable to parameter of type 'never'.
  Overload 2 of 2, '(values: never[], options?: { count?: "exact" | "planned" | "estimated"; defaultToNull?: boolean; }): PostgrestFilterBuilder<{ PostgrestVersion: "12"; }, never, never, null, "audit_log", never, "POST">', gave the following error.
    Type '{ user_id: string; user_email: string; user_role: UserRole; action_type: AuditActionType; action_description: string; target_table: string; target_record_id: string; target_student_name: string; old_values: string; new_values: string; }' is not assignable to type 'never'.
sase-310-manual-upload/store.tsx(424,58): error TS2769: No overload matches this call.
  Overload 1 of 2, '(values: never, options?: { count?: "exact" | "planned" | "estimated"; }): PostgrestFilterBuilder<{ PostgrestVersion: "12"; }, never, never, null, "incidents", never, "POST">', gave the following error.
    Argument of type '{ student_id: string; type: IncidentType; description: string; reported_by: string; date: string; }[]' is not assignable to parameter of type 'never'.
  Overload 2 of 2, '(values: never[], options?: { count?: "exact" | "planned" | "estimated"; defaultToNull?: boolean; }): PostgrestFilterBuilder<{ PostgrestVersion: "12"; }, never, never, null, "incidents", never, "POST">', gave the following error.
    Type '{ student_id: string; type: IncidentType; description: string; reported_by: string; date: string; }' is not assignable to type 'never'.
sase-310-manual-upload/store.tsx(467,62): error TS2769: No overload matches this call.
  Overload 1 of 2, '(values: never, options?: { count?: "exact" | "planned" | "estimated"; }): PostgrestFilterBuilder<{ PostgrestVersion: "12"; }, never, never, null, "justificantes", never, "POST">', gave the following error.
    Argument of type '{ alumno_id: string; folio: string; start_date: string; end_date: string; reason: "M├®dico" | "Social" | "Legal"; description: string; issued_by: string; }[]' is not assignable to parameter of type 'never'.
  Overload 2 of 2, '(values: never[], options?: { count?: "exact" | "planned" | "estimated"; defaultToNull?: boolean; }): PostgrestFilterBuilder<{ PostgrestVersion: "12"; }, never, never, null, "justificantes", never, "POST">', gave the following error.
    Type '{ alumno_id: string; folio: string; start_date: string; end_date: string; reason: "M├®dico" | "Social" | "Legal"; description: string; issued_by: string; }' is not assignable to type 'never'.
sase-310-manual-upload/store.tsx(500,17): error TS2345: Argument of type '{ last_modified_by: string; last_modified_at: string; }' is not assignable to parameter of type 'never'.
